// Jest Snapshot v1, https://goo.gl/fbAQLP

exports[`Some test 1`] = `
<div
  style={
    Object {
      "backgroundColor": "rgba(159, 35, 58, 0.5)",
      "height": "10em",
      "width": "10em",
    }
  }
>
  <div
    style={
      Object {
        "display": "flex",
        "flexDirection": "column",
        "height": "100%",
        "left": "0%",
        "position": "relative",
        "top": "0%",
        "width": "100%",
      }
    }
  >
    <div
      style={
        Object {
          "display": "flex",
          "flexDirection": "row",
          "height": "25%",
          "width": "100%",
        }
      }
    >
      <div
        style={
          Object {
            "backgroundColor": "transparent",
            "height": "100%",
            "width": "25%",
          }
        }
      />
      <div
        style={
          Object {
            "border": "2px solid #300930",
            "boxSizing": "border-box",
            "height": "100%",
            "width": "25%",
          }
        }
      >
        <div
          style={
            Object {
              "height": "100%",
              "overflow": "hidden",
              "width": "100%",
            }
          }
        >
          <div
            style={
              Object {
                "borderColor": "#501050 red red #601360",
                "borderStyle": "solid",
                "borderWidth": "10em 0em 0em 10em",
                "height": "0px",
                "width": "0px",
              }
            }
          />
        </div>
      </div>
      <div
        style={
          Object {
            "backgroundColor": "transparent",
            "height": "100%",
            "width": "25%",
          }
        }
      />
      <div
        style={
          Object {
            "backgroundColor": "transparent",
            "height": "100%",
            "width": "25%",
          }
        }
      />
    </div>
    <div
      style={
        Object {
          "display": "flex",
          "flexDirection": "row",
          "height": "25%",
          "width": "100%",
        }
      }
    >
      <div
        style={
          Object {
            "backgroundColor": "transparent",
            "height": "100%",
            "width": "25%",
          }
        }
      />
      <div
        style={
          Object {
            "border": "2px solid #300930",
            "boxSizing": "border-box",
            "height": "100%",
            "width": "25%",
          }
        }
      >
        <div
          style={
            Object {
              "height": "100%",
              "overflow": "hidden",
              "width": "100%",
            }
          }
        >
          <div
            style={
              Object {
                "borderColor": "#501050 red red #601360",
                "borderStyle": "solid",
                "borderWidth": "10em 0em 0em 10em",
                "height": "0px",
                "width": "0px",
              }
            }
          />
        </div>
      </div>
      <div
        style={
          Object {
            "border": "2px solid #300930",
            "boxSizing": "border-box",
            "height": "100%",
            "width": "25%",
          }
        }
      >
        <div
          style={
            Object {
              "height": "100%",
              "overflow": "hidden",
              "width": "100%",
            }
          }
        >
          <div
            style={
              Object {
                "borderColor": "#501050 red red #601360",
                "borderStyle": "solid",
                "borderWidth": "10em 0em 0em 10em",
                "height": "0px",
                "width": "0px",
              }
            }
          />
        </div>
      </div>
      <div
        style={
          Object {
            "backgroundColor": "transparent",
            "height": "100%",
            "width": "25%",
          }
        }
      />
    </div>
    <div
      style={
        Object {
          "display": "flex",
          "flexDirection": "row",
          "height": "25%",
          "width": "100%",
        }
      }
    >
      <div
        style={
          Object {
            "backgroundColor": "transparent",
            "height": "100%",
            "width": "25%",
          }
        }
      />
      <div
        style={
          Object {
            "border": "2px solid #300930",
            "boxSizing": "border-box",
            "height": "100%",
            "width": "25%",
          }
        }
      >
        <div
          style={
            Object {
              "height": "100%",
              "overflow": "hidden",
              "width": "100%",
            }
          }
        >
          <div
            style={
              Object {
                "borderColor": "#501050 red red #601360",
                "borderStyle": "solid",
                "borderWidth": "10em 0em 0em 10em",
                "height": "0px",
                "width": "0px",
              }
            }
          />
        </div>
      </div>
      <div
        style={
          Object {
            "backgroundColor": "transparent",
            "height": "100%",
            "width": "25%",
          }
        }
      />
      <div
        style={
          Object {
            "backgroundColor": "transparent",
            "height": "100%",
            "width": "25%",
          }
        }
      />
    </div>
    <div
      style={
        Object {
          "display": "flex",
          "flexDirection": "row",
          "height": "25%",
          "width": "100%",
        }
      }
    >
      <div
        style={
          Object {
            "backgroundColor": "transparent",
            "height": "100%",
            "width": "25%",
          }
        }
      />
      <div
        style={
          Object {
            "backgroundColor": "transparent",
            "height": "100%",
            "width": "25%",
          }
        }
      />
      <div
        style={
          Object {
            "backgroundColor": "transparent",
            "height": "100%",
            "width": "25%",
          }
        }
      />
      <div
        style={
          Object {
            "backgroundColor": "transparent",
            "height": "100%",
            "width": "25%",
          }
        }
      />
    </div>
  </div>
  <p>
    TÃ©
  </p>
</div>
`;
